src/components/features/cases/ShareCaseProgress.tsx(24,13): error TS2367: This comparison appears to be unintentional because the types 'PipelineStage' and '"蝪賜?"' have no overlap.
src/components/features/cases/ShareCaseProgress.tsx(27,20): error TS2367: This comparison appears to be unintentional because the types 'PipelineStage' and '"?典"' have no overlap.
src/components/features/cases/ShareCaseProgress.tsx(30,20): error TS2367: This comparison appears to be unintentional because the types 'PipelineStage' and '"摰?"' have no overlap.
src/components/features/cases/ShareCaseProgress.tsx(38,32): error TS2367: This comparison appears to be unintentional because the types 'CaseStatus' and '"Rollback"' have no overlap.
src/components/features/cases/ShareCaseProgress.tsx(39,22): error TS2339: Property 'is_on_hold' does not exist on type 'DemoCase'.
src/components/features/cases/ShareCaseProgress.tsx(39,54): error TS2339: Property 'on_hold_reason' does not exist on type 'DemoCase'.
