yarn run v1.22.22
$ next build
??Next.js 16.1.1 (Turbopack)
- Environments: .env.local

node.exe : ??The "middleware" file convention
 is deprecated. Please use "proxy" instead. L
earn more: https://nextjs.org/docs/messages/m
iddleware-to-proxy
位於 C:\Users\user\AppData\Roaming\npm\yarn.ps1
:24 字元:5
+     & "node$exe"  "$basedir/node_modules/ya
rn/bin/yarn.js" $args
+     ~~~~~~~~~~~~~~~~~~~~~~~~~~~~~~~~~~~~~~~
~~~~~~~~~~~~~~~~~~~~~
    + CategoryInfo          : NotSpecified:  
   (??The "middlewa...leware-to-proxy:Strin  
  g) [], RemoteException
    + FullyQualifiedErrorId : NativeCommandE 
   rror
 
  Creating an optimized production build ...
??Compiled successfully in 3.9s
  Running TypeScript ...
Failed to compile.

./src/app/cases/page.tsx:198:24
Type error: Element implicitly has an 'any' t
ype because expression of type '0' can't be u
sed to index type 'Milestone'.
  Property '0' does not exist on type 'Milest
one'.

[0m [90m 196 |[39m
 [90m 197 |[39m [36mfunction[39m [33mCas
eTableRow[39m({ caseData }[33m:[39m { case
Data[33m:[39m [33mDemoCase[39m }) {
[31m[1m>[22m[39m[90m 198 |[39m     [36
mconst[39m milestones [33m=[39m caseData[
33m.[39mmilestones[33m?[39m[33m.[39m[[3
5m0[39m] [33m||[39m {}[33m;[39m
 [90m     |[39m                        [31
m[1m^[22m[39m
 [90m 199 |[39m     [36mconst[39m financi
als [33m=[39m caseData[33m.[39mfinancials
[33m?[39m[33m.[39m[[35m0[39m] [33m||[
39m {}[33m;[39m
 [90m 200 |[39m
 [90m 201 |[39m     [36mconst[39m [33mSI
GNING_TODOS[39m [33m=[39m [[32m'鞎瑟?蝡?
[39m[33m,[39m [32m'鞈??蝡?[39m[33m,[39
m [32m'?典甈?[39m[33m,[39m [32m'摰?甈?[39
m[33m,[39m [32m'甈??圈?'[39m[33m,[39m [
32m'??'[39m[33m,[39m [32m'閫???'[39m[
33m,[39m [32m'閬祥'[39m[33m,[39m [32m'閮剖
?'[39m[33m,[39m [32m'蝔'[39m[33m,[39m
 [32m'撌桅?'[39m[33m,[39m [32m'?湧???[39m]
[33m;[39m[0m
Next.js build worker exited with code: 1 and 
signal: null
error Command failed with exit code 1.
info Visit https://yarnpkg.com/en/docs/cli/run for documentation about this command.
